VAIBHAV@DESKTOP-0AR266N MINGW64 /d/Java World/Workspace/EmployeeRegistrationApp (main)
$ git remote add origin https://github.com/VaibhavBelkhude/Java-Experiance-interview-Skill.git
git branch -M main
git push -u origin main
error: remote origin already exists.
error: src refspec main does not match any
error: failed to push some refs to 'https://github.com/VaibhavBelkhude/JavaAdvanceJava8InterviewProgram.git'

VAIBHAV@DESKTOP-0AR266N MINGW64 /d/Java World/Workspace/EmployeeRegistrationApp (main)
$ echo "# Java-Experiance-interview-Skill"
# Java-Experiance-interview-Skill

VAIBHAV@DESKTOP-0AR266N MINGW64 /d/Java World/Workspace/EmployeeRegistrationApp (main)
$ git init
Initialized empty Git repository in D:/Java World/Workspace/EmployeeRegistrationApp/.git/

VAIBHAV@DESKTOP-0AR266N MINGW64 /d/Java World/Workspace/EmployeeRegistrationApp (master)
$ git add README.md
fatal: pathspec 'README.md' did not match any files

VAIBHAV@DESKTOP-0AR266N MINGW64 /d/Java World/Workspace/EmployeeRegistrationApp (master)
$ git branch -M main

VAIBHAV@DESKTOP-0AR266N MINGW64 /d/Java World/Workspace/EmployeeRegistrationApp (main)
$ git remote add origin https://github.com/VaibhavBelkhude/Java-Experiance-interview-Skill.git

VAIBHAV@DESKTOP-0AR266N MINGW64 /d/Java World/Workspace/EmployeeRegistrationApp (main)
$ git commit -m "first commit"
On branch main

Initial commit

Untracked files:
  (use "git add <file>..." to include in what will be committed)
        .gitignore
        .mvn/
        mvnw
        mvnw.cmd
        pom.xml
        src/

nothing added to commit but untracked files present (use "git add" to track)

VAIBHAV@DESKTOP-0AR266N MINGW64 /d/Java World/Workspace/EmployeeRegistrationApp (main)
$ git add --all
warning: in the working copy of '.gitignore', LF will be replaced by CRLF the next time Git touches it
warning: in the working copy of '.mvn/wrapper/maven-wrapper.properties', LF will be replaced by CRLF the next time Git touches it
warning: in the working copy of 'mvnw', LF will be replaced by CRLF the next time Git touches it
warning: in the working copy of 'mvnw.cmd', LF will be replaced by CRLF the next time Git touches it
warning: in the working copy of 'pom.xml', LF will be replaced by CRLF the next time Git touches it
warning: in the working copy of 'src/main/java/com/HaloTech/EmployeeRegistrationAppApplication.java', LF will be replaced by CRLF the next time Git touches it
warning: in the working copy of 'src/main/resources/application.properties', LF will be replaced by CRLF the next time Git touches it
warning: in the working copy of 'src/test/java/com/HaloTech/EmployeeRegistrationAppApplicationTests.java', LF will be replaced by CRLF the next time Git touches it

VAIBHAV@DESKTOP-0AR266N MINGW64 /d/Java World/Workspace/EmployeeRegistrationApp (main)
$ git commit -m "first commit"
[main (root-commit) 5590c67] first commit
 15 files changed, 845 insertions(+)
 create mode 100644 .gitignore
 create mode 100644 .mvn/wrapper/maven-wrapper.jar
 create mode 100644 .mvn/wrapper/maven-wrapper.properties
 create mode 100644 mvnw
 create mode 100644 mvnw.cmd
 create mode 100644 pom.xml
 create mode 100644 src/main/java/com/HaloTech/EmployeeRegistrationAppApplication.java
 create mode 100644 src/main/java/com/HaloTech/controller/EmployeeController.java
 create mode 100644 src/main/java/com/HaloTech/model/Employee.java
 create mode 100644 src/main/java/com/HaloTech/repo/EmployeeRepository.java
 create mode 100644 src/main/java/com/HaloTech/service/EmployeeServiceImpl.java
 create mode 100644 src/main/java/com/HaloTech/service/IEmployeeService.java
 create mode 100644 src/main/resources/application.properties
 create mode 100644 src/main/resources/templates/EmployeeReg.html
 create mode 100644 src/test/java/com/HaloTech/EmployeeRegistrationAppApplicationTests.java

VAIBHAV@DESKTOP-0AR266N MINGW64 /d/Java World/Workspace/EmployeeRegistrationApp (main)
$ git push -u origin main
Enumerating objects: 34, done.
Counting objects: 100% (34/34), done.
Delta compression using up to 4 threads
Compressing objects: 100% (26/26), done.
Writing objects: 100% (34/34), 61.37 KiB | 5.58 MiB/s, done.
Total 34 (delta 0), reused 0 (delta 0), pack-reused 0
To https://github.com/VaibhavBelkhude/Java-Experiance-interview-Skill.git
 * [new branch]      main -> main
branch 'main' set up to track 'origin/main'.

VAIBHAV@DESKTOP-0AR266N MINGW64 /d/Java World/Workspace/EmployeeRegistrationApp (main)
$
